Exception in thread "main" cs132.IR.TokenMgrError: Lexical error at line 1, column 1.  Encountered: "" (0), after : ""
	at cs132.IR.SparrowParserTokenManager.getNextToken(SparrowParserTokenManager.java:783)
	at cs132.IR.SparrowParser.jj_ntk(SparrowParser.java:1133)
	at cs132.IR.SparrowParser.Program(SparrowParser.java:16)
	at S2SV.main(S2SV.java:23)
