func Main()
t0 = 4
t1 = alloc(t0)
t2 = alloc(t0)
t0 = @FacComputeFac
[t2 + 0] = t0
t0 = t2
[t1 + 0] = t0
if0 t1 goto null1
t2 = [t1 + 0]
t2 = [t2 + 0]
t0 = 6
s11 = t2
a2 = t1
a3 = t0
v0 = t0
s10 = call s11()
t0 = v0
t3 = s10
print(t3)
goto main_end
null1:
error("null pointer")
main_end:
v0 = t0
      return v0

func FacComputeFac()
t0 = 1
t1 = a3 < t0
if0 t1 goto if1_else
t1 = 1
goto if1_end
if1_else:
t2 = [a2 + 0]
t2 = [t2 + 0]
t0 = 1
t3 = a3 - t0
s11 = t2
this = a2
num = a3
a2 = this
a3 = t3
num_aux = t1
s10 = call s11()
a2 = this
a3 = num
t1 = num_aux
t0 = s10
t1 = a3 * t0
if1_end:
num_aux = t1
      return num_aux


