func _Main()
v1 = 12
v2 = 21
v0 = v1 + v2
print(v0)
      return v0


