func _Main()
v2 = 20
v3 = 16
v1 = alloc(v2)
vmt_address4 = alloc(v3)
[v1 + 0] = vmt_address4
f5 = @BBS_Print
[vmt_address4 + 8] = f5
f6 = @BBS_Init
[vmt_address4 + 12] = f6
f7 = @BBS_Start
[vmt_address4 + 0] = f7
f8 = @BBS_Sort
[vmt_address4 + 4] = f8
vmt_address9 = [v1 + 0]
f10 = [vmt_address9 + 0]
v11 = 10
v0 = call f10(v1 v11)
print(v0)
      return v0

func BBS_Start(this sz)
v1 = this
vmt_address2 = [v1 + 0]
f3 = [vmt_address2 + 12]
v4 = sz
v0 = call f3(v1 v4)
aux01 = v0
v6 = this
vmt_address7 = [v6 + 0]
f8 = [vmt_address7 + 8]
v5 = call f8(v6)
aux01 = v5
v9 = 99999
print(v9)
v11 = this
vmt_address12 = [v11 + 0]
f13 = [vmt_address12 + 4]
v10 = call f13(v11)
aux01 = v10
v15 = this
vmt_address16 = [v15 + 0]
f17 = [vmt_address16 + 8]
v14 = call f17(v15)
aux01 = v14
v18 = 0
      return v18

func BBS_Sort(this)
v2 = 8
v3 = 4
v2 = v2 + v3
v4 = this + v2
v1 = [v4 + 0]
v5 = 1
v0 = v1 - v5
i = v0
v7 = 0
v8 = 1
v6 = v7 - v8
aux02 = v6
while9:
v11 = aux02
v12 = i
v10 = v11 < v12
if0 v10 goto break_while_13
v14 = 1
j = v14
while15:
v17 = j
v19 = i
v20 = 1
v18 = v19 + v20
v16 = v17 < v18
if0 v16 goto break_while_21
v23 = j
v24 = 1
v22 = v23 - v24
aux07 = v22
v27 = 0
v28 = 4
v27 = v27 + v28
v29 = this + v27
v30 = v29
v30 = v30 + v28
v31 = [v30 + 0]
if0 v31 goto null_error32
goto no_null_error33
null_error32:
error("null pointer")
no_null_error33:
v26 = [v29 + 0]
v34 = aux07
v35 = [v26 + 0]
v36 = v34 < v35
if0 v36 goto if_else37
goto if_end38
if_else37:
error("array index out of bounds")
if_end38:
v39 = 4
v40 = v34 * v39
v40 = v40 + v39
v41 = v26 + v40
v25 = [v41 + 0]
aux04 = v25
v44 = 0
v45 = 4
v44 = v44 + v45
v46 = this + v44
v47 = v46
v47 = v47 + v45
v48 = [v47 + 0]
if0 v48 goto null_error49
goto no_null_error50
null_error49:
error("null pointer")
no_null_error50:
v43 = [v46 + 0]
v51 = j
v52 = [v43 + 0]
v53 = v51 < v52
if0 v53 goto if_else54
goto if_end55
if_else54:
error("array index out of bounds")
if_end55:
v56 = 4
v57 = v51 * v56
v57 = v57 + v56
v58 = v43 + v57
v42 = [v58 + 0]
aux05 = v42
v60 = aux05
v61 = aux04
v59 = v60 < v61
if0 v59 goto if_else_62
v64 = j
v65 = 1
v63 = v64 - v65
aux06 = v63
v68 = 0
v69 = 4
v68 = v68 + v69
v70 = this + v68
v71 = v70
v71 = v71 + v69
v72 = [v71 + 0]
if0 v72 goto null_error73
goto no_null_error74
null_error73:
error("null pointer")
no_null_error74:
v67 = [v70 + 0]
v75 = aux06
v76 = [v67 + 0]
v77 = v75 < v76
if0 v77 goto if_else78
goto if_end79
if_else78:
error("array index out of bounds")
if_end79:
v80 = 4
v81 = v75 * v80
v81 = v81 + v80
v82 = v67 + v81
v66 = [v82 + 0]
t = v66
v83 = 0
v84 = 4
v83 = v83 + v84
v85 = this + v83
v86 = 1
v87 = v85
v87 = v87 + v84
[v87 + 0] = v86
v88 = [v85 + 0]
if0 v88 goto null_error89
goto no_null_error90
null_error89:
error("null pointer")
no_null_error90:
v91 = aux06
v92 = [v88 + 0]
v93 = v91 < v92
if0 v93 goto if_else94
goto if_end95
if_else94:
error("array index out of bounds")
if_end95:
v96 = 4
v97 = v91 * v96
v97 = v97 + v96
v98 = v88 + v97
v101 = 0
v102 = 4
v101 = v101 + v102
v103 = this + v101
v104 = v103
v104 = v104 + v102
v105 = [v104 + 0]
if0 v105 goto null_error106
goto no_null_error107
null_error106:
error("null pointer")
no_null_error107:
v100 = [v103 + 0]
v108 = j
v109 = [v100 + 0]
v110 = v108 < v109
if0 v110 goto if_else111
goto if_end112
if_else111:
error("array index out of bounds")
if_end112:
v113 = 4
v114 = v108 * v113
v114 = v114 + v113
v115 = v100 + v114
v99 = [v115 + 0]
[v98 + 0] = v99
v116 = 0
v117 = 4
v116 = v116 + v117
v118 = this + v116
v119 = 1
v120 = v118
v120 = v120 + v117
[v120 + 0] = v119
v121 = [v118 + 0]
if0 v121 goto null_error122
goto no_null_error123
null_error122:
error("null pointer")
no_null_error123:
v124 = j
v125 = [v121 + 0]
v126 = v124 < v125
if0 v126 goto if_else127
goto if_end128
if_else127:
error("array index out of bounds")
if_end128:
v129 = 4
v130 = v124 * v129
v130 = v130 + v129
v131 = v121 + v130
v132 = t
[v131 + 0] = v132
goto if_end_133
if_else_62:
v134 = 0
nt = v134
if_end_133:
v136 = j
v137 = 1
v135 = v136 + v137
j = v135
goto while15
break_while_21:
v139 = i
v140 = 1
v138 = v139 - v140
i = v138
goto while9
break_while_13:
v141 = 0
      return v141

func BBS_Print(this)
v0 = 0
j = v0
while1:
v3 = j
v5 = 8
v6 = 4
v5 = v5 + v6
v7 = this + v5
v4 = [v7 + 0]
v2 = v3 < v4
if0 v2 goto break_while_8
v11 = 0
v12 = 4
v11 = v11 + v12
v13 = this + v11
v14 = v13
v14 = v14 + v12
v15 = [v14 + 0]
if0 v15 goto null_error16
goto no_null_error17
null_error16:
error("null pointer")
no_null_error17:
v10 = [v13 + 0]
v18 = j
v19 = [v10 + 0]
v20 = v18 < v19
if0 v20 goto if_else21
goto if_end22
if_else21:
error("array index out of bounds")
if_end22:
v23 = 4
v24 = v18 * v23
v24 = v24 + v23
v25 = v10 + v24
v9 = [v25 + 0]
print(v9)
v27 = j
v28 = 1
v26 = v27 + v28
j = v26
goto while1
break_while_8:
v29 = 0
      return v29

func BBS_Init(this sz)
v0 = 8
v1 = 4
v0 = v0 + v1
v2 = this + v0
v3 = 1
v4 = v2
v4 = v4 + v1
[v4 + 0] = v3
v5 = sz
[v2 + 0] = v5
v6 = 0
v7 = 4
v6 = v6 + v7
v8 = this + v6
v9 = 1
v10 = v8
v10 = v10 + v7
[v10 + 0] = v9
v12 = sz
v14 = 4
v13 = v12 * v14
v13 = v13 + v14
v11 = alloc(v13)
[v11 + 0] = v12
[v8 + 0] = v11
v15 = 0
v16 = 4
v15 = v15 + v16
v17 = this + v15
v18 = 1
v19 = v17
v19 = v19 + v16
[v19 + 0] = v18
v20 = [v17 + 0]
if0 v20 goto null_error21
goto no_null_error22
null_error21:
error("null pointer")
no_null_error22:
v23 = 0
v24 = [v20 + 0]
v25 = v23 < v24
if0 v25 goto if_else26
goto if_end27
if_else26:
error("array index out of bounds")
if_end27:
v28 = 4
v29 = v23 * v28
v29 = v29 + v28
v30 = v20 + v29
v31 = 20
[v30 + 0] = v31
v32 = 0
v33 = 4
v32 = v32 + v33
v34 = this + v32
v35 = 1
v36 = v34
v36 = v36 + v33
[v36 + 0] = v35
v37 = [v34 + 0]
if0 v37 goto null_error38
goto no_null_error39
null_error38:
error("null pointer")
no_null_error39:
v40 = 1
v41 = [v37 + 0]
v42 = v40 < v41
if0 v42 goto if_else43
goto if_end44
if_else43:
error("array index out of bounds")
if_end44:
v45 = 4
v46 = v40 * v45
v46 = v46 + v45
v47 = v37 + v46
v48 = 7
[v47 + 0] = v48
v49 = 0
v50 = 4
v49 = v49 + v50
v51 = this + v49
v52 = 1
v53 = v51
v53 = v53 + v50
[v53 + 0] = v52
v54 = [v51 + 0]
if0 v54 goto null_error55
goto no_null_error56
null_error55:
error("null pointer")
no_null_error56:
v57 = 2
v58 = [v54 + 0]
v59 = v57 < v58
if0 v59 goto if_else60
goto if_end61
if_else60:
error("array index out of bounds")
if_end61:
v62 = 4
v63 = v57 * v62
v63 = v63 + v62
v64 = v54 + v63
v65 = 12
[v64 + 0] = v65
v66 = 0
v67 = 4
v66 = v66 + v67
v68 = this + v66
v69 = 1
v70 = v68
v70 = v70 + v67
[v70 + 0] = v69
v71 = [v68 + 0]
if0 v71 goto null_error72
goto no_null_error73
null_error72:
error("null pointer")
no_null_error73:
v74 = 3
v75 = [v71 + 0]
v76 = v74 < v75
if0 v76 goto if_else77
goto if_end78
if_else77:
error("array index out of bounds")
if_end78:
v79 = 4
v80 = v74 * v79
v80 = v80 + v79
v81 = v71 + v80
v82 = 18
[v81 + 0] = v82
v83 = 0
v84 = 4
v83 = v83 + v84
v85 = this + v83
v86 = 1
v87 = v85
v87 = v87 + v84
[v87 + 0] = v86
v88 = [v85 + 0]
if0 v88 goto null_error89
goto no_null_error90
null_error89:
error("null pointer")
no_null_error90:
v91 = 4
v92 = [v88 + 0]
v93 = v91 < v92
if0 v93 goto if_else94
goto if_end95
if_else94:
error("array index out of bounds")
if_end95:
v96 = 4
v97 = v91 * v96
v97 = v97 + v96
v98 = v88 + v97
v99 = 2
[v98 + 0] = v99
v100 = 0
v101 = 4
v100 = v100 + v101
v102 = this + v100
v103 = 1
v104 = v102
v104 = v104 + v101
[v104 + 0] = v103
v105 = [v102 + 0]
if0 v105 goto null_error106
goto no_null_error107
null_error106:
error("null pointer")
no_null_error107:
v108 = 5
v109 = [v105 + 0]
v110 = v108 < v109
if0 v110 goto if_else111
goto if_end112
if_else111:
error("array index out of bounds")
if_end112:
v113 = 4
v114 = v108 * v113
v114 = v114 + v113
v115 = v105 + v114
v116 = 11
[v115 + 0] = v116
v117 = 0
v118 = 4
v117 = v117 + v118
v119 = this + v117
v120 = 1
v121 = v119
v121 = v121 + v118
[v121 + 0] = v120
v122 = [v119 + 0]
if0 v122 goto null_error123
goto no_null_error124
null_error123:
error("null pointer")
no_null_error124:
v125 = 6
v126 = [v122 + 0]
v127 = v125 < v126
if0 v127 goto if_else128
goto if_end129
if_else128:
error("array index out of bounds")
if_end129:
v130 = 4
v131 = v125 * v130
v131 = v131 + v130
v132 = v122 + v131
v133 = 6
[v132 + 0] = v133
v134 = 0
v135 = 4
v134 = v134 + v135
v136 = this + v134
v137 = 1
v138 = v136
v138 = v138 + v135
[v138 + 0] = v137
v139 = [v136 + 0]
if0 v139 goto null_error140
goto no_null_error141
null_error140:
error("null pointer")
no_null_error141:
v142 = 7
v143 = [v139 + 0]
v144 = v142 < v143
if0 v144 goto if_else145
goto if_end146
if_else145:
error("array index out of bounds")
if_end146:
v147 = 4
v148 = v142 * v147
v148 = v148 + v147
v149 = v139 + v148
v150 = 9
[v149 + 0] = v150
v151 = 0
v152 = 4
v151 = v151 + v152
v153 = this + v151
v154 = 1
v155 = v153
v155 = v155 + v152
[v155 + 0] = v154
v156 = [v153 + 0]
if0 v156 goto null_error157
goto no_null_error158
null_error157:
error("null pointer")
no_null_error158:
v159 = 8
v160 = [v156 + 0]
v161 = v159 < v160
if0 v161 goto if_else162
goto if_end163
if_else162:
error("array index out of bounds")
if_end163:
v164 = 4
v165 = v159 * v164
v165 = v165 + v164
v166 = v156 + v165
v167 = 19
[v166 + 0] = v167
v168 = 0
v169 = 4
v168 = v168 + v169
v170 = this + v168
v171 = 1
v172 = v170
v172 = v172 + v169
[v172 + 0] = v171
v173 = [v170 + 0]
if0 v173 goto null_error174
goto no_null_error175
null_error174:
error("null pointer")
no_null_error175:
v176 = 9
v177 = [v173 + 0]
v178 = v176 < v177
if0 v178 goto if_else179
goto if_end180
if_else179:
error("array index out of bounds")
if_end180:
v181 = 4
v182 = v176 * v181
v182 = v182 + v181
v183 = v173 + v182
v184 = 5
[v183 + 0] = v184
v185 = 0
      return v185


